// Jest Snapshot v1, https://goo.gl/fbAQLP

exports[`EditNftNameAsset constructor should have valid schema 1`] = `
Object {
  "$id": "nft/editNftName-asset",
  "properties": Object {
    "name": Object {
      "dataType": "string",
      "fieldNumber": 2,
    },
    "nftId": Object {
      "dataType": "bytes",
      "fieldNumber": 1,
    },
  },
  "required": Array [
    "nftId",
    "name",
  ],
  "title": "EditNftNameAsset transaction asset for nft module",
  "type": "object",
}
`;
