// Jest Snapshot v1, https://goo.gl/fbAQLP

exports[`EditNftDescriptionAsset constructor should have valid schema 1`] = `
Object {
  "$id": "nft/editNftDescription-asset",
  "properties": Object {
    "description": Object {
      "dataType": "string",
      "fieldNumber": 2,
    },
    "nftId": Object {
      "dataType": "bytes",
      "fieldNumber": 1,
    },
  },
  "required": Array [
    "nftId",
    "description",
  ],
  "title": "EditNftDescriptionAsset transaction asset for nft module",
  "type": "object",
}
`;
